Microchip MPLAB XC8 Compiler V1.45 ()

Linker command line:

-W-3 --edf=C:\Program Files (x86)\Microchip\xc8\v1.45\dat\en_msgs.txt -cs \
  -h+dist/default/production\Project_2.X.production.sym \
  --cmf=dist/default/production\Project_2.X.production.cmf -z -Q18F4620 \
  -oC:\Users\Msys\AppData\Local\Temp\s470.2 \
  -Mdist/default/production/Project_2.X.production.map -E1 -ver=XC8 \
  -ASTACK=0E4h-0f7fh -pstack=STACK -ACODE=00h-0FFFFh -ACONST=00h-0FFFFh \
  -ASMALLCONST=01000h-010FFhx240 -AMEDIUMCONST=01000h-0FFFFh \
  -ACOMRAM=01h-07Fh -AABS1=00h-0F7Fh -ABIGRAM=01h-0F7Fh \
  -ARAM=080h-0FFh,0100h-01FFhx14,0F00h-0F7Fh -ABANK0=080h-0FFh \
  -ABANK1=0100h-01FFh -ABANK2=0200h-02FFh -ABANK3=0300h-03FFh \
  -ABANK4=0400h-04FFh -ABANK5=0500h-05FFh -ABANK6=0600h-06FFh \
  -ABANK7=0700h-07FFh -ABANK8=0800h-08FFh -ABANK9=0900h-09FFh \
  -ABANK10=0A00h-0AFFh -ABANK11=0B00h-0BFFh -ABANK12=0C00h-0CFFh \
  -ABANK13=0D00h-0DFFh -ABANK14=0E00h-0EFFh -ABANK15=0F00h-0F7Fh \
  -ASFR=0F80h-0FFFh -preset_vec=00h,intcode,intcodelo,powerup,init \
  -pramtop=01000h -psmallconst=SMALLCONST -pmediumconst=MEDIUMCONST \
  -pconst=CONST -AFARRAM=00h-00h -ACONFIG=0300000h-030000Dh -pconfig=CONFIG \
  -AIDLOC=0200000h-0200007h -pidloc=IDLOC -AEEDATA=0F00000h-0F003FFh \
  -peeprom_data=EEDATA \
  -prdata=COMRAM,nvrram=COMRAM,nvbit=COMRAM,rbss=COMRAM,rbit=COMRAM \
  -pfarbss=FARRAM,fardata=FARRAM,nvFARRAM=FARRAM \
  -pintsave_regs=BIGRAM,bigbss=BIGRAM,bigdata=BIGRAM -pbss=RAM \
  -pidata=CODE,irdata=CODE,ibigdata=CODE,ifardata=CODE -prparam=COMRAM \
  C:\Users\Msys\AppData\Local\Temp\s470.obj \
  dist/default/production\Project_2.X.production.obj 

Object code version is 3.11

Machine type is 18F4620

Call graph: (short form)




                Name                               Link     Load   Length Selector   Space Scale
C:\Users\Msys\AppData\Local\Temp\s470.obj
                init                                  0        0        4        0       0
                idloc                            200000   200000        8   200000       0
                config                           300000   300000        E   300000       0
dist/default/production\Project_2.X.production.obj
                smallconst                         1000     1000       CE      800       0
                text41                             2F0A     2F0A       26      867       0
                text40                             2E62     2E62       2E      867       0
                text39                             2F9C     2F9C       22      867       0
                text38                             2C74     2C74       48      867       0
                text37                             2CBC     2CBC       42      867       0
                text36                             2C1E     2C1E       56      867       0
                text35                             2BC8     2BC8       56      867       0
                text34                             2FF4     2FF4       10      867       0
                text33                             2EBA     2EBA       2A      867       0
                text32                             2D7C     2D7C       3C      867       0
                text31                             2E90     2E90       2A      867       0
                text30                             3004     3004        C      867       0
                text29                             2B0A     2B0A       62      867       0
                text28                             27F0     27F0       AE      867       0
                text27                             2E2A     2E2A       38      867       0
                text26                             2584     2584       E6      867       0
                text25                             2EE4     2EE4       26      867       0
                text24                             2DB8     2DB8       3A      867       0
                text23                             266A     266A       D0      867       0
                text22                             289E     289E       90      867       0
                text21                             2F78     2F78       24      867       0
                text20                             1F96     1F96      1AC      867       0
                text19                             2CFE     2CFE       40      867       0
                text18                             2490     2490       F4      867       0
                text17                             29B2     29B2       82      867       0
                text16                             2AA4     2AA4       66      867       0
                text15                             2B6C     2B6C       5C      867       0
                text14                             2274     2274      128      867       0
                text13                             2142     2142      132      867       0
                text12                             292E     292E       84      867       0
                text11                             2A34     2A34       70      867       0
                text10                             239C     239C       F4      867       0
                text9                              1D44     1D44      252      867       0
                text8                              2FBE     2FBE       1E      867       0
                text7                              193C     193C      408      867       0
                text6                              10CE     10CE      86E      867       0
                text5                              273A     273A       B6      867       0
                text4                              2FDC     2FDC       18      867       0
                text3                              3010     3010        8      867       0
                text2                              2D3E     2D3E       3E      867       0
                text1                              2F54     2F54       24      867       0
                text0                              2F30     2F30       24      867       0
                cstackCOMRAM                          1        1       6B        1       1
                bssBANK0                             80       80       64       80       1
                dataCOMRAM                           6C       6C        6        1       1
                bssCOMRAM                            72       72        1        1       1
                cinit                              2DF2     2DF2       38      867       0
                idataCOMRAM                        3018     3018        6      867       0

TOTAL           Name                               Link     Load   Length     Space
        CLASS   STACK          

        CLASS   CODE           
                init                                  0        0        4         0
                text41                             2F0A     2F0A       26         0
                text40                             2E62     2E62       2E         0
                text39                             2F9C     2F9C       22         0
                text38                             2C74     2C74       48         0
                text37                             2CBC     2CBC       42         0
                text36                             2C1E     2C1E       56         0
                text35                             2BC8     2BC8       56         0
                text34                             2FF4     2FF4       10         0
                text33                             2EBA     2EBA       2A         0
                text32                             2D7C     2D7C       3C         0
                text31                             2E90     2E90       2A         0
                text30                             3004     3004        C         0
                text29                             2B0A     2B0A       62         0
                text28                             27F0     27F0       AE         0
                text27                             2E2A     2E2A       38         0
                text26                             2584     2584       E6         0
                text25                             2EE4     2EE4       26         0
                text24                             2DB8     2DB8       3A         0
                text23                             266A     266A       D0         0
                text22                             289E     289E       90         0
                text21                             2F78     2F78       24         0
                text20                             1F96     1F96      1AC         0
                text19                             2CFE     2CFE       40         0
                text18                             2490     2490       F4         0
                text17                             29B2     29B2       82         0
                text16                             2AA4     2AA4       66         0
                text15                             2B6C     2B6C       5C         0
                text14                             2274     2274      128         0
                text13                             2142     2142      132         0
                text12                             292E     292E       84         0
                text11                             2A34     2A34       70         0
                text10                             239C     239C       F4         0
                text9                              1D44     1D44      252         0
                text8                              2FBE     2FBE       1E         0
                text7                              193C     193C      408         0
                text6                              10CE     10CE      86E         0
                text5                              273A     273A       B6         0
                text4                              2FDC     2FDC       18         0
                text3                              3010     3010        8         0
                text2                              2D3E     2D3E       3E         0
                text1                              2F54     2F54       24         0
                text0                              2F30     2F30       24         0
                cinit                              2DF2     2DF2       38         0
                idataCOMRAM                        3018     3018        6         0

        CLASS   CONST          

        CLASS   SMALLCONST     
                smallconst                         1000     1000       CE         0

        CLASS   MEDIUMCONST    

        CLASS   COMRAM         
                cstackCOMRAM                          1        1       6B         1
                dataCOMRAM                           6C       6C        6         1
                bssCOMRAM                            72       72        1         1

        CLASS   ABS1           

        CLASS   BIGRAM         

        CLASS   RAM            

        CLASS   BANK0          
                bssBANK0                             80       80       64         1

        CLASS   BANK1          

        CLASS   BANK2          

        CLASS   BANK3          

        CLASS   BANK4          

        CLASS   BANK5          

        CLASS   BANK6          

        CLASS   BANK7          

        CLASS   BANK8          

        CLASS   BANK9          

        CLASS   BANK10         

        CLASS   BANK11         

        CLASS   BANK12         

        CLASS   BANK13         

        CLASS   BANK14         

        CLASS   BANK15         

        CLASS   SFR            

        CLASS   FARRAM         

        CLASS   CONFIG         
                config                           300000   300000        E         0

        CLASS   IDLOC          
                idloc                            200000   200000        8         0

        CLASS   EEDATA         



SEGMENTS        Name                           Load    Length   Top    Selector   Space  Class

                reset_vec                      000000  000004  000004         0       0  CODE    
                cstackCOMRAM                   000001  000072  000073         1       1  COMRAM  
                bssBANK0                       000080  000064  0000E4        80       1  BANK0   
                smallconst                     001000  0000CE  0010CE       800       0  SMALLCON
                text6                          0010CE  001F50  00301E       867       0  CODE    
                idloc                          200000  000008  200008    200000       0  IDLOC   
                config                         300000  00000E  30000E    300000       0  CONFIG  


UNUSED ADDRESS RANGES

        Name                Unused          Largest block    Delta
        BANK0            0000E4-0000FF               1C
        BANK1            000100-0001FF              100
        BANK10           000A00-000AFF              100
        BANK11           000B00-000BFF              100
        BANK12           000C00-000CFF              100
        BANK13           000D00-000DFF              100
        BANK14           000E00-000EFF              100
        BANK15           000F00-000F7F               80
        BANK2            000200-0002FF              100
        BANK3            000300-0003FF              100
        BANK4            000400-0004FF              100
        BANK5            000500-0005FF              100
        BANK6            000600-0006FF              100
        BANK7            000700-0007FF              100
        BANK8            000800-0008FF              100
        BANK9            000900-0009FF              100
        BIGRAM           000073-00007F                D
                         0000E4-000F7F              E9C
        CODE             000004-000FFF              FFC
                         00301E-00FFFF             CFE2
        COMRAM           000073-00007F                D
        CONST            000004-000FFF              FFC
                         00301E-00FFFF             CFE2
        EEDATA           F00000-F003FF              400
        MEDIUMCONST      00301E-00FFFF             CFE2
        RAM              0000E4-000F7F              100
        SFR              000F80-000FFF               80
        SMALLCONST       00301E-00FFFF              100
        STACK            0000E4-000F7F              E9C

                                  Symbol Table

?___awdiv                       cstackCOMRAM 000007
?___awmod                       cstackCOMRAM 000001
?___awtoft                      cstackCOMRAM 000015
?___ftadd                       cstackCOMRAM 00002E
?___ftdiv                       cstackCOMRAM 000024
?___ftmul                       cstackCOMRAM 000015
?___ftneg                       cstackCOMRAM 000001
?___ftpack                      cstackCOMRAM 000001
?___ftsub                       cstackCOMRAM 00003A
?___fttol                       cstackCOMRAM 00002B
?___lldiv                       cstackCOMRAM 000001
?___llmod                       cstackCOMRAM 000001
?___lltoft                      cstackCOMRAM 000009
?___wmul                        cstackCOMRAM 00000F
?__div_to_l_                    cstackCOMRAM 000001
?__tdiv_to_l_                   cstackCOMRAM 000001
?_fround                        cstackCOMRAM 000024
?_read_adc_raw_no_lib           cstackCOMRAM 000001
?_read_adc_voltage              cstackCOMRAM 000033
?_scale                         cstackCOMRAM 000024
?_sprintf                       cstackCOMRAM 000040
_ADCON0                         (abs)        000FC2
_ADCON0bits                     (abs)        000FC2
_ADCON1                         (abs)        000FC1
_ADCON2                         (abs)        000FC0
_ADRESH                         (abs)        000FC4
_ADRESL                         (abs)        000FC3
_BAUDCONbits                    (abs)        000FB8
_INTCON                         (abs)        000FF2
_LATA                           (abs)        000F89
_LATB                           (abs)        000F8A
_LATC                           (abs)        000F8B
_LATD                           (abs)        000F8C
_LATE                           (abs)        000F8D
_LCD_INIT_STRING                dataCOMRAM   00006C
_PIR1bits                       (abs)        000F9E
_RCREG                          (abs)        000FAE
_RCSTA                          (abs)        000FAB
_RCSTAbits                      (abs)        000FAB
_SPBRG                          (abs)        000FAF
_SPBRGH                         (abs)        000FB0
_TRISA                          (abs)        000F92
_TRISB                          (abs)        000F93
_TRISC                          (abs)        000F94
_TRISD                          (abs)        000F95
_TRISE                          (abs)        000F96
_TXREG                          (abs)        000FAD
_TXSTA                          (abs)        000FAC
_TXSTAbits                      (abs)        000FAC
__CFG_BOREN$SBORDIS             (abs)        000000
__CFG_BORV$3                    (abs)        000000
__CFG_CCP2MX$PORTC              (abs)        000000
__CFG_CP0$OFF                   (abs)        000000
__CFG_CP1$OFF                   (abs)        000000
__CFG_CP2$OFF                   (abs)        000000
__CFG_CP3$OFF                   (abs)        000000
__CFG_CPB$OFF                   (abs)        000000
__CFG_CPD$OFF                   (abs)        000000
__CFG_EBTR0$OFF                 (abs)        000000
__CFG_EBTR1$OFF                 (abs)        000000
__CFG_EBTR2$OFF                 (abs)        000000
__CFG_EBTR3$OFF                 (abs)        000000
__CFG_EBTRB$OFF                 (abs)        000000
__CFG_FCMEN$OFF                 (abs)        000000
__CFG_IESO$OFF                  (abs)        000000
__CFG_LPT1OSC$OFF               (abs)        000000
__CFG_LVP$ON                    (abs)        000000
__CFG_MCLRE$ON                  (abs)        000000
__CFG_OSC$XT                    (abs)        000000
__CFG_PBADEN$ON                 (abs)        000000
__CFG_PWRT$OFF                  (abs)        000000
__CFG_STVREN$ON                 (abs)        000000
__CFG_WDT$ON                    (abs)        000000
__CFG_WDTPS$32768               (abs)        000000
__CFG_WRT0$OFF                  (abs)        000000
__CFG_WRT1$OFF                  (abs)        000000
__CFG_WRT2$OFF                  (abs)        000000
__CFG_WRT3$OFF                  (abs)        000000
__CFG_WRTB$OFF                  (abs)        000000
__CFG_WRTC$OFF                  (abs)        000000
__CFG_WRTD$OFF                  (abs)        000000
__CFG_XINST$OFF                 (abs)        000000
__HRAM                          (abs)        000000
__Habs1                         abs1         000000
__Hbank0                        bank0        000000
__Hbank1                        bank1        000000
__Hbank10                       bank10       000000
__Hbank11                       bank11       000000
__Hbank12                       bank12       000000
__Hbank13                       bank13       000000
__Hbank14                       bank14       000000
__Hbank15                       bank15       000000
__Hbank2                        bank2        000000
__Hbank3                        bank3        000000
__Hbank4                        bank4        000000
__Hbank5                        bank5        000000
__Hbank6                        bank6        000000
__Hbank7                        bank7        000000
__Hbank8                        bank8        000000
__Hbank9                        bank9        000000
__Hbigbss                       bigbss       000000
__Hbigdata                      bigdata      000000
__Hbigram                       bigram       000000
__Hbss                          bss          000000
__HbssBANK0                     bssBANK0     000000
__HbssCOMRAM                    bssCOMRAM    000000
__Hcinit                        cinit        000000
__Hclrtext                      clrtext      000000
__Hcomram                       comram       000000
__Hconfig                       config       30000E
__Hconst                        const        000000
__HcstackCOMRAM                 cstackCOMRAM 000000
__Hdata                         data         000000
__HdataCOMRAM                   dataCOMRAM   000000
__Heeprom_data                  eeprom_data  000000
__Hfarbss                       farbss       000000
__Hfardata                      fardata      000000
__Hibigdata                     ibigdata     000000
__Hidata                        idata        000000
__HidataCOMRAM                  idataCOMRAM  000000
__Hidloc                        idloc        200008
__Hifardata                     ifardata     000000
__Hinit                         init         000004
__Hintcode                      intcode      000000
__Hintcode_body                 intcode_body 000000
__Hintcodelo                    intcodelo    000000
__Hintentry                     intentry     000000
__Hintret                       intret       000000
__Hintsave_regs                 intsave_regs 000000
__Hirdata                       irdata       000000
__Hmediumconst                  mediumconst  000000
__HnvFARRAM                     nvFARRAM     000000
__Hnvbit                        nvbit        000000
__Hnvrram                       nvrram       000000
__Hparam                        rparam       000000
__Hpowerup                      powerup      000000
__Hram                          ram          000000
__Hramtop                       ramtop       001000
__Hrbit                         rbit         000000
__Hrbss                         rbss         000000
__Hrdata                        rdata        000000
__Hreset_vec                    reset_vec    000000
__Hrparam                       rparam       000000
__Hsfr                          sfr          000000
__Hsmallconst                   smallconst   0010CE
__Hspace_0                      (abs)        30000E
__Hspace_1                      (abs)        0000E4
__Hspace_2                      (abs)        000000
__Hstack                        stack        000000
__Hstruct                       struct       000000
__Htemp                         temp         000000
__Htext                         text         000000
__Htext0                        text0        000000
__Htext1                        text1        000000
__Htext10                       text10       000000
__Htext11                       text11       000000
__Htext12                       text12       000000
__Htext13                       text13       000000
__Htext14                       text14       000000
__Htext15                       text15       000000
__Htext16                       text16       000000
__Htext17                       text17       000000
__Htext18                       text18       000000
__Htext19                       text19       000000
__Htext2                        text2        000000
__Htext20                       text20       000000
__Htext21                       text21       000000
__Htext22                       text22       000000
__Htext23                       text23       000000
__Htext24                       text24       000000
__Htext25                       text25       000000
__Htext26                       text26       000000
__Htext27                       text27       000000
__Htext28                       text28       000000
__Htext29                       text29       000000
__Htext3                        text3        000000
__Htext30                       text30       000000
__Htext31                       text31       000000
__Htext32                       text32       000000
__Htext33                       text33       000000
__Htext34                       text34       000000
__Htext35                       text35       000000
__Htext36                       text36       000000
__Htext37                       text37       000000
__Htext38                       text38       000000
__Htext39                       text39       000000
__Htext4                        text4        000000
__Htext40                       text40       000000
__Htext41                       text41       000000
__Htext5                        text5        000000
__Htext6                        text6        000000
__Htext7                        text7        000000
__Htext8                        text8        000000
__Htext9                        text9        000000
__LRAM                          (abs)        000001
__Labs1                         abs1         000000
__Lbank0                        bank0        000000
__Lbank1                        bank1        000000
__Lbank10                       bank10       000000
__Lbank11                       bank11       000000
__Lbank12                       bank12       000000
__Lbank13                       bank13       000000
__Lbank14                       bank14       000000
__Lbank15                       bank15       000000
__Lbank2                        bank2        000000
__Lbank3                        bank3        000000
__Lbank4                        bank4        000000
__Lbank5                        bank5        000000
__Lbank6                        bank6        000000
__Lbank7                        bank7        000000
__Lbank8                        bank8        000000
__Lbank9                        bank9        000000
__Lbigbss                       bigbss       000000
__Lbigdata                      bigdata      000000
__Lbigram                       bigram       000000
__Lbss                          bss          000000
__LbssBANK0                     bssBANK0     000000
__LbssCOMRAM                    bssCOMRAM    000000
__Lcinit                        cinit        000000
__Lclrtext                      clrtext      000000
__Lcomram                       comram       000000
__Lconfig                       config       300000
__Lconst                        const        000000
__LcstackCOMRAM                 cstackCOMRAM 000000
__Ldata                         data         000000
__LdataCOMRAM                   dataCOMRAM   000000
__Leeprom_data                  eeprom_data  000000
__Lfarbss                       farbss       000000
__Lfardata                      fardata      000000
__Libigdata                     ibigdata     000000
__Lidata                        idata        000000
__LidataCOMRAM                  idataCOMRAM  000000
__Lidloc                        idloc        200000
__Lifardata                     ifardata     000000
__Linit                         init         000000
__Lintcode                      intcode      000000
__Lintcode_body                 intcode_body 000000
__Lintcodelo                    intcodelo    000000
__Lintentry                     intentry     000000
__Lintret                       intret       000000
__Lintsave_regs                 intsave_regs 000000
__Lirdata                       irdata       000000
__Lmediumconst                  mediumconst  000000
__LnvFARRAM                     nvFARRAM     000000
__Lnvbit                        nvbit        000000
__Lnvrram                       nvrram       000000
__Lparam                        rparam       000000
__Lpowerup                      powerup      000000
__Lram                          ram          000000
__Lramtop                       ramtop       001000
__Lrbit                         rbit         000000
__Lrbss                         rbss         000000
__Lrdata                        rdata        000000
__Lreset_vec                    reset_vec    000000
__Lrparam                       rparam       000000
__Lsfr                          sfr          000000
__Lsmallconst                   smallconst   001000
__Lspace_0                      (abs)        000000
__Lspace_1                      (abs)        000000
__Lspace_2                      (abs)        000000
__Lstack                        stack        000000
__Lstruct                       struct       000000
__Ltemp                         temp         000000
__Ltext                         text         000000
__Ltext0                        text0        000000
__Ltext1                        text1        000000
__Ltext10                       text10       000000
__Ltext11                       text11       000000
__Ltext12                       text12       000000
__Ltext13                       text13       000000
__Ltext14                       text14       000000
__Ltext15                       text15       000000
__Ltext16                       text16       000000
__Ltext17                       text17       000000
__Ltext18                       text18       000000
__Ltext19                       text19       000000
__Ltext2                        text2        000000
__Ltext20                       text20       000000
__Ltext21                       text21       000000
__Ltext22                       text22       000000
__Ltext23                       text23       000000
__Ltext24                       text24       000000
__Ltext25                       text25       000000
__Ltext26                       text26       000000
__Ltext27                       text27       000000
__Ltext28                       text28       000000
__Ltext29                       text29       000000
__Ltext3                        text3        000000
__Ltext30                       text30       000000
__Ltext31                       text31       000000
__Ltext32                       text32       000000
__Ltext33                       text33       000000
__Ltext34                       text34       000000
__Ltext35                       text35       000000
__Ltext36                       text36       000000
__Ltext37                       text37       000000
__Ltext38                       text38       000000
__Ltext39                       text39       000000
__Ltext4                        text4        000000
__Ltext40                       text40       000000
__Ltext41                       text41       000000
__Ltext5                        text5        000000
__Ltext6                        text6        000000
__Ltext7                        text7        000000
__Ltext8                        text8        000000
__Ltext9                        text9        000000
__S0                            (abs)        30000E
__S1                            (abs)        0000E4
__S2                            (abs)        000000
___awdiv                        text12       00292E
___awdiv@counter                cstackCOMRAM 00000B
___awdiv@dividend               cstackCOMRAM 000007
___awdiv@divisor                cstackCOMRAM 000009
___awdiv@quotient               cstackCOMRAM 00000D
___awdiv@sign                   cstackCOMRAM 00000C
___awmod                        text11       002A34
___awmod@counter                cstackCOMRAM 000005
___awmod@dividend               cstackCOMRAM 000001
___awmod@divisor                cstackCOMRAM 000003
___awmod@sign                   cstackCOMRAM 000006
___awtoft                       text27       002E2A
___awtoft@c                     cstackCOMRAM 000015
___awtoft@sign                  cstackCOMRAM 000018
___ftadd                        text20       001F96
___ftadd@exp1                   cstackCOMRAM 000039
___ftadd@exp2                   cstackCOMRAM 000038
___ftadd@f1                     cstackCOMRAM 00002E
___ftadd@f2                     cstackCOMRAM 000031
___ftadd@sign                   cstackCOMRAM 000037
___ftdiv                        text26       002584
___ftdiv@cntr                   cstackCOMRAM 00002D
___ftdiv@exp                    cstackCOMRAM 000031
___ftdiv@f1                     cstackCOMRAM 000024
___ftdiv@f2                     cstackCOMRAM 000027
___ftdiv@f3                     cstackCOMRAM 00002E
___ftdiv@sign                   cstackCOMRAM 000032
___ftge                         text22       00289E
___ftge@ff1                     cstackCOMRAM 000001
___ftge@ff2                     cstackCOMRAM 000004
___ftmul                        text10       00239C
___ftmul@cntr                   cstackCOMRAM 000022
___ftmul@exp                    cstackCOMRAM 00001E
___ftmul@f1                     cstackCOMRAM 000015
___ftmul@f2                     cstackCOMRAM 000018
___ftmul@f3_as_product          cstackCOMRAM 00001F
___ftmul@sign                   cstackCOMRAM 000023
___ftneg                        text21       002F78
___ftneg@f1                     cstackCOMRAM 000001
___ftpack                       text28       0027F0
___ftpack@arg                   cstackCOMRAM 000001
___ftpack@exp                   cstackCOMRAM 000004
___ftpack@sign                  cstackCOMRAM 000005
___ftsub                        text19       002CFE
___ftsub@f1                     cstackCOMRAM 00003A
___ftsub@f2                     cstackCOMRAM 00003D
___fttol                        text18       002490
___fttol@exp1                   cstackCOMRAM 000039
___fttol@f1                     cstackCOMRAM 00002B
___fttol@lval                   cstackCOMRAM 000035
___fttol@sign1                  cstackCOMRAM 000034
___inthi_sp                     stack        000000
___intlo_sp                     stack        000000
___lldiv                        text17       0029B2
___lldiv@counter                cstackCOMRAM 00000D
___lldiv@dividend               cstackCOMRAM 000001
___lldiv@divisor                cstackCOMRAM 000005
___lldiv@quotient               cstackCOMRAM 000009
___llmod                        text16       002AA4
___llmod@counter                cstackCOMRAM 000009
___llmod@dividend               cstackCOMRAM 000001
___llmod@divisor                cstackCOMRAM 000005
___lltoft                       text15       002B6C
___lltoft@c                     cstackCOMRAM 000009
___lltoft@exp                   cstackCOMRAM 000011
___param_bank                   (abs)        000000
___rparam_used                  (abs)        000001
___sp                           stack        000000
___wmul                         text25       002EE4
___wmul@multiplicand            cstackCOMRAM 000011
___wmul@multiplier              cstackCOMRAM 00000F
___wmul@product                 cstackCOMRAM 000013
__accesstop                     (abs)        000080
__activetblptr                  (abs)        000002
__div_to_l_                     text14       002274
__div_to_l_@cntr                cstackCOMRAM 00000B
__div_to_l_@exp1                cstackCOMRAM 00000C
__div_to_l_@f1                  cstackCOMRAM 000001
__div_to_l_@f2                  cstackCOMRAM 000004
__div_to_l_@quot                cstackCOMRAM 000007
__end_of___awdiv                text12       0029B2
__end_of___awmod                text11       002AA4
__end_of___awtoft               text27       002E62
__end_of___ftadd                text20       002142
__end_of___ftdiv                text26       00266A
__end_of___ftge                 text22       00292E
__end_of___ftmul                text10       002490
__end_of___ftneg                text21       002F9C
__end_of___ftpack               text28       00289E
__end_of___ftsub                text19       002D3E
__end_of___fttol                text18       002584
__end_of___lldiv                text17       002A34
__end_of___llmod                text16       002B0A
__end_of___lltoft               text15       002BC8
__end_of___wmul                 text25       002F0A
__end_of__div_to_l_             text14       00239C
__end_of__initialization        cinit        002E20
__end_of__npowers_              smallconst   001077
__end_of__powers_               smallconst   001050
__end_of__tdiv_to_l_            text13       002274
__end_of_delay_cycles           text40       002E90
__end_of_delay_ms               text41       002F30
__end_of_displayWelcomeMessage  text32       002DB8
__end_of_dpowers                smallconst   001029
__end_of_fround                 text9        001F96
__end_of_initPorts              text31       002EBA
__end_of_init_adc_no_lib        text30       003010
__end_of_is_byte_available      text4        002FF4
__end_of_isdigit                text8        002FDC
__end_of_lcd_gotoxy             text37       002CFE
__end_of_lcd_init               text29       002B6C
__end_of_lcd_putc               text36       002C74
__end_of_lcd_puts               text35       002C1E
__end_of_lcd_send_byte          text38       002CBC
__end_of_lcd_send_nibble        text39       002FBE
__end_of_main                   text0        002F54
__end_of_processADCValues       text5        0027F0
__end_of_processReceivedChar    text2        002D7C
__end_of_read_adc_raw_no_lib    text24       002DF2
__end_of_read_adc_voltage       text23       00273A
__end_of_read_byte_no_lib       text3        003018
__end_of_scale                  text7        001D44
__end_of_send_byte_no_lib       text34       003004
__end_of_send_string_no_lib     text33       002EE4
__end_of_setupSerial            text1        002F78
__end_of_sprintf                text6        00193C
__initialization                cinit        002DF2
__mediumconst                   mediumconst  000000
__npowers_                      smallconst   001050
__pbssBANK0                     bssBANK0     000080
__pbssCOMRAM                    bssCOMRAM    000072
__pcinit                        cinit        002DF2
__pcstackCOMRAM                 cstackCOMRAM 000001
__pdataCOMRAM                   dataCOMRAM   00006C
__pidataCOMRAM                  idataCOMRAM  003018
__powers_                       smallconst   001029
__psmallconst                   smallconst   001000
__ptext0                        text0        002F30
__ptext1                        text1        002F54
__ptext10                       text10       00239C
__ptext11                       text11       002A34
__ptext12                       text12       00292E
__ptext13                       text13       002142
__ptext14                       text14       002274
__ptext15                       text15       002B6C
__ptext16                       text16       002AA4
__ptext17                       text17       0029B2
__ptext18                       text18       002490
__ptext19                       text19       002CFE
__ptext2                        text2        002D3E
__ptext20                       text20       001F96
__ptext21                       text21       002F78
__ptext22                       text22       00289E
__ptext23                       text23       00266A
__ptext24                       text24       002DB8
__ptext25                       text25       002EE4
__ptext26                       text26       002584
__ptext27                       text27       002E2A
__ptext28                       text28       0027F0
__ptext29                       text29       002B0A
__ptext3                        text3        003010
__ptext30                       text30       003004
__ptext31                       text31       002E90
__ptext32                       text32       002D7C
__ptext33                       text33       002EBA
__ptext34                       text34       002FF4
__ptext35                       text35       002BC8
__ptext36                       text36       002C1E
__ptext37                       text37       002CBC
__ptext38                       text38       002C74
__ptext39                       text39       002F9C
__ptext4                        text4        002FDC
__ptext40                       text40       002E62
__ptext41                       text41       002F0A
__ptext5                        text5        00273A
__ptext6                        text6        0010CE
__ptext7                        text7        00193C
__ptext8                        text8        002FBE
__ptext9                        text9        001D44
__ramtop                        ramtop       001000
__size_of___awdiv               (abs)        000000
__size_of___awmod               (abs)        000000
__size_of___awtoft              (abs)        000000
__size_of___ftadd               (abs)        000000
__size_of___ftdiv               (abs)        000000
__size_of___ftge                (abs)        000000
__size_of___ftmul               (abs)        000000
__size_of___ftneg               (abs)        000000
__size_of___ftpack              (abs)        000000
__size_of___ftsub               (abs)        000000
__size_of___fttol               (abs)        000000
__size_of___lldiv               (abs)        000000
__size_of___llmod               (abs)        000000
__size_of___lltoft              (abs)        000000
__size_of___wmul                (abs)        000000
__size_of__div_to_l_            (abs)        000000
__size_of__tdiv_to_l_           (abs)        000000
__size_of_delay_cycles          (abs)        000000
__size_of_delay_ms              (abs)        000000
__size_of_displayWelcomeMessage (abs)        000000
__size_of_fround                (abs)        000000
__size_of_initPorts             (abs)        000000
__size_of_init_adc_no_lib       (abs)        000000
__size_of_is_byte_available     (abs)        000000
__size_of_isdigit               (abs)        000000
__size_of_lcd_gotoxy            (abs)        000000
__size_of_lcd_init              (abs)        000000
__size_of_lcd_putc              (abs)        000000
__size_of_lcd_puts              (abs)        000000
__size_of_lcd_send_byte         (abs)        000000
__size_of_lcd_send_nibble       (abs)        000000
__size_of_main                  (abs)        000000
__size_of_processADCValues      (abs)        000000
__size_of_processReceivedChar   (abs)        000000
__size_of_read_adc_raw_no_lib   (abs)        000000
__size_of_read_adc_voltage      (abs)        000000
__size_of_read_byte_no_lib      (abs)        000000
__size_of_scale                 (abs)        000000
__size_of_send_byte_no_lib      (abs)        000000
__size_of_send_string_no_lib    (abs)        000000
__size_of_setupSerial           (abs)        000000
__size_of_sprintf               (abs)        000000
__smallconst                    smallconst   001000
__tdiv_to_l_                    text13       002142
__tdiv_to_l_@cntr               cstackCOMRAM 00000E
__tdiv_to_l_@exp1               cstackCOMRAM 00000F
__tdiv_to_l_@f1                 cstackCOMRAM 000001
__tdiv_to_l_@f2                 cstackCOMRAM 000004
__tdiv_to_l_@quot               cstackCOMRAM 00000A
_columnForLCD                   dataCOMRAM   000070
_delay_cycles                   text40       002E62
_delay_ms                       text41       002F0A
_displayBuffer                  bssBANK0     000080
_displayWelcomeMessage          text32       002D7C
_dpowers                        smallconst   001001
_fround                         text9        001D44
_fround$1114                    cstackCOMRAM 00002A
_fround$1115                    cstackCOMRAM 000027
_initPorts                      text31       002E90
_init_adc_no_lib                text30       003004
_is_byte_available              text4        002FDC
_isdigit                        text8        002FBE
_isdigit$768                    cstackCOMRAM 000002
_lastReceivedChar               bssCOMRAM    000072
_lcd                            (abs)        000F83
_lcd_gotoxy                     text37       002CBC
_lcd_init                       text29       002B0A
_lcd_putc                       text36       002C1E
_lcd_puts                       text35       002BC8
_lcd_send_byte                  text38       002C74
_lcd_send_nibble                text39       002F9C
_main                           text0        002F30
_processADCValues               text5        00273A
_processADCValues$1113          cstackCOMRAM 000066
_processReceivedChar            text2        002D3E
_read_adc_raw_no_lib            text24       002DB8
_read_adc_voltage               text23       00266A
_read_byte_no_lib               text3        003010
_scale                          text7        00193C
_scale$1116                     cstackCOMRAM 000027
_send_byte_no_lib               text34       002FF4
_send_string_no_lib             text33       002EBA
_setupSerial                    text1        002F54
_sprintf                        text6        0010CE
_sprintf$1117                   cstackCOMRAM 00004D
delay_cycles@n                  cstackCOMRAM 000004
delay_cycles@x                  cstackCOMRAM 000005
delay_ms@i                      cstackCOMRAM 000003
delay_ms@n                      cstackCOMRAM 000001
end_of_initialization           cinit        002E20
fround@prec                     cstackCOMRAM 00002D
intlevel0                       text         000000
intlevel1                       text         000000
intlevel2                       text         000000
intlevel3                       text         000000
isdigit@c                       cstackCOMRAM 000003
lcd_gotoxy@address              cstackCOMRAM 00000D
lcd_gotoxy@x                    cstackCOMRAM 00000C
lcd_gotoxy@y                    cstackCOMRAM 00000B
lcd_init@i                      cstackCOMRAM 00000B
lcd_putc@c                      cstackCOMRAM 00000E
lcd_puts@s                      cstackCOMRAM 00000F
lcd_send_byte@cm_data           cstackCOMRAM 00000A
lcd_send_byte@n                 cstackCOMRAM 000009
lcd_send_nibble@n               cstackCOMRAM 000008
processADCValues@voltage        cstackCOMRAM 000069
read_adc_raw_no_lib@channel     cstackCOMRAM 000007
read_adc_raw_no_lib@raw_value   cstackCOMRAM 000005
read_adc_voltage@channel        cstackCOMRAM 00003E
read_adc_voltage@raw_value      cstackCOMRAM 00003C
read_adc_voltage@temp           cstackCOMRAM 000036
read_adc_voltage@voltage        cstackCOMRAM 000039
read_byte_no_lib@c              cstackCOMRAM 000001
scale@scl                       cstackCOMRAM 00002A
send_byte_no_lib@c              cstackCOMRAM 000001
send_string_no_lib@p            cstackCOMRAM 000002
setupSerial@dummy               cstackCOMRAM 000001
sprintf@ap                      cstackCOMRAM 000050
sprintf@c                       cstackCOMRAM 000065
sprintf@exp                     cstackCOMRAM 00005E
sprintf@f                       cstackCOMRAM 000042
sprintf@flag                    cstackCOMRAM 000056
sprintf@fval                    cstackCOMRAM 000060
sprintf@prec                    cstackCOMRAM 000063
sprintf@sp                      cstackCOMRAM 000040
sprintf@tmpval                  cstackCOMRAM 00005A
sprintf@val                     cstackCOMRAM 000052
sprintf@width                   cstackCOMRAM 000058
stackhi                         (abs)        000F7F
stacklo                         (abs)        0000E4
start                           init         000000
start_initialization            cinit        002DF2


FUNCTION INFORMATION:

 *************** function _main *****************
 Defined at:
		line 80 in file "basic.c"
 Parameters:    Size  Location     Type
		None
 Auto vars:     Size  Location     Type
		None
 Return value:  Size  Location     Type
                  1    wreg      void 
 Registers used:
		wreg, fsr0l, fsr0h, fsr2l, fsr2h, status,2, status,0, tblptrl, tblptrh, tblptru, prodl, prodh, cstack
 Tracked objects:
		On entry : 
		On exit  : 
		Unchanged: 
 Data sizes:     COMRAM   BANK0   BANK1   BANK2   BANK3   BANK4   BANK5   BANK6   BANK7   BANK8   BANK9  BANK10  BANK11  BANK12  BANK13  BANK14  BANK15
      Params:         0       0       0       0       0       0       0       0       0       0       0       0       0       0       0       0       0
      Locals:         0       0       0       0       0       0       0       0       0       0       0       0       0       0       0       0       0
      Temps:          0       0       0       0       0       0       0       0       0       0       0       0       0       0       0       0       0
      Totals:         0       0       0       0       0       0       0       0       0       0       0       0       0       0       0       0       0
Total ram usage:        0 bytes
 Hardware stack levels required when called:    7
 This function calls:
		_displayWelcomeMessage
		_initPorts
		_init_adc_no_lib
		_lcd_init
		_processADCValues
		_processReceivedChar
		_setupSerial
 This function is called by:
		Startup code after reset
 This function uses a non-reentrant model


 *************** function _setupSerial *****************
 Defined at:
		line 3 in file "my_ser.c"
 Parameters:    Size  Location     Type
		None
 Auto vars:     Size  Location     Type
  dummy           1    0[COMRAM] unsigned char 
 Return value:  Size  Location     Type
                  1    wreg      void 
 Registers used:
		wreg, status,2
 Tracked objects:
		On entry : 
		On exit  : 
		Unchanged: 
 Data sizes:     COMRAM   BANK0   BANK1   BANK2   BANK3   BANK4   BANK5   BANK6   BANK7   BANK8   BANK9  BANK10  BANK11  BANK12  BANK13  BANK14  BANK15
      Params:         0       0       0       0       0       0       0       0       0       0       0       0       0       0       0       0       0
      Locals:         1       0       0       0       0       0       0       0       0       0       0       0       0       0       0       0       0
      Temps:          0       0       0       0       0       0       0       0       0       0       0       0       0       0       0       0       0
      Totals:         1       0       0       0       0       0       0       0       0       0       0       0       0       0       0       0       0
Total ram usage:        1 bytes
 Hardware stack levels used:    1
 This function calls:
		Nothing
 This function is called by:
		_main
 This function uses a non-reentrant model


 *************** function _processReceivedChar *****************
 Defined at:
		line 137 in file "basic.c"
 Parameters:    Size  Location     Type
		None
 Auto vars:     Size  Location     Type
		None
 Return value:  Size  Location     Type
                  1    wreg      void 
 Registers used:
		wreg, status,2, status,0, cstack
 Tracked objects:
		On entry : 
		On exit  : 
		Unchanged: 
 Data sizes:     COMRAM   BANK0   BANK1   BANK2   BANK3   BANK4   BANK5   BANK6   BANK7   BANK8   BANK9  BANK10  BANK11  BANK12  BANK13  BANK14  BANK15
      Params:         0       0       0       0       0       0       0       0       0       0       0       0       0       0       0       0       0
      Locals:         0       0       0       0       0       0       0       0       0       0       0       0       0       0       0       0       0
      Temps:          0       0       0       0       0       0       0       0       0       0       0       0       0       0       0       0       0
      Totals:         0       0       0       0       0       0       0       0       0       0       0       0       0       0       0       0       0
Total ram usage:        0 bytes
 Hardware stack levels used:    1
 Hardware stack levels required when called:    5
 This function calls:
		_is_byte_available
		_lcd_gotoxy
		_lcd_putc
		_read_byte_no_lib
 This function is called by:
		_main
 This function uses a non-reentrant model


 *************** function _read_byte_no_lib *****************
 Defined at:
		line 32 in file "my_ser.c"
 Parameters:    Size  Location     Type
		None
 Auto vars:     Size  Location     Type
  c               1    0[COMRAM] unsigned char 
 Return value:  Size  Location     Type
                  1    wreg      unsigned char 
 Registers used:
		wreg, status,2
 Tracked objects:
		On entry : 
		On exit  : 
		Unchanged: 
 Data sizes:     COMRAM   BANK0   BANK1   BANK2   BANK3   BANK4   BANK5   BANK6   BANK7   BANK8   BANK9  BANK10  BANK11  BANK12  BANK13  BANK14  BANK15
      Params:         0       0       0       0       0       0       0       0       0       0       0       0       0       0       0       0       0
      Locals:         1       0       0       0       0       0       0       0       0       0       0       0       0       0       0       0       0
      Temps:          0       0       0       0       0       0       0       0       0       0       0       0       0       0       0       0       0
      Totals:         1       0       0       0       0       0       0       0       0       0       0       0       0       0       0       0       0
Total ram usage:        1 bytes
 Hardware stack levels used:    1
 This function calls:
		Nothing
 This function is called by:
		_processReceivedChar
 This function uses a non-reentrant model


 *************** function _is_byte_available *****************
 Defined at:
		line 22 in file "my_ser.c"
 Parameters:    Size  Location     Type
		None
 Auto vars:     Size  Location     Type
		None
 Return value:  Size  Location     Type
                  1    wreg      unsigned char 
 Registers used:
		wreg
 Tracked objects:
		On entry : 
		On exit  : 
		Unchanged: 
 Data sizes:     COMRAM   BANK0   BANK1   BANK2   BANK3   BANK4   BANK5   BANK6   BANK7   BANK8   BANK9  BANK10  BANK11  BANK12  BANK13  BANK14  BANK15
      Params:         0       0       0       0       0       0       0       0       0       0       0       0       0       0       0       0       0
      Locals:         0       0       0       0       0       0       0       0       0       0       0       0       0       0       0       0       0
      Temps:          0       0       0       0       0       0       0       0       0       0       0       0       0       0       0       0       0
      Totals:         0       0       0       0       0       0       0       0       0       0       0       0       0       0       0       0       0
Total ram usage:        0 bytes
 Hardware stack levels used:    1
 This function calls:
		Nothing
 This function is called by:
		_processReceivedChar
 This function uses a non-reentrant model


 *************** function _processADCValues *****************
 Defined at:
		line 129 in file "basic.c"
 Parameters:    Size  Location     Type
		None
 Auto vars:     Size  Location     Type
  voltage         3  104[COMRAM] float 
 Return value:  Size  Location     Type
                  1    wreg      void 
 Registers used:
		wreg, fsr0l, fsr0h, fsr2l, fsr2h, status,2, status,0, tblptrl, tblptrh, tblptru, prodl, prodh, cstack
 Tracked objects:
		On entry : 
		On exit  : 
		Unchanged: 
 Data sizes:     COMRAM   BANK0   BANK1   BANK2   BANK3   BANK4   BANK5   BANK6   BANK7   BANK8   BANK9  BANK10  BANK11  BANK12  BANK13  BANK14  BANK15
      Params:         0       0       0       0       0       0       0       0       0       0       0       0       0       0       0       0       0
      Locals:         6       0       0       0       0       0       0       0       0       0       0       0       0       0       0       0       0
      Temps:          0       0       0       0       0       0       0       0       0       0       0       0       0       0       0       0       0
      Totals:         6       0       0       0       0       0       0       0       0       0       0       0       0       0       0       0       0
Total ram usage:        6 bytes
 Hardware stack levels used:    1
 Hardware stack levels required when called:    6
 This function calls:
		___ftdiv
		___ftmul
		_lcd_puts
		_read_adc_voltage
		_sprintf
 This function is called by:
		_main
 This function uses a non-reentrant model


 *************** function _sprintf *****************
 Defined at:
		line 492 in file "C:\Program Files (x86)\Microchip\xc8\v1.45\sources\common\doprnt.c"
 Parameters:    Size  Location     Type
  sp              2   63[COMRAM] PTR unsigned char 
		 -> displayBuffer(100), 
  f               2   65[COMRAM] PTR const unsigned char 
		 -> STR_4(11), STR_3(8), 
 Auto vars:     Size  Location     Type
  tmpval          4   89[COMRAM] struct .
  val             4   81[COMRAM] unsigned long 
  fval            3   95[COMRAM] unsigned long 
  cp              3    0        PTR const unsigned char 
  prec            2   98[COMRAM] int 
  exp             2   93[COMRAM] int 
  width           2   87[COMRAM] int 
  flag            2   85[COMRAM] unsigned short 
  ap              2   79[COMRAM] PTR void [1]
		 -> ?_sprintf(2), 
  len             2    0        unsigned int 
  c               1  100[COMRAM] char 
  d               1    0        unsigned char 
 Return value:  Size  Location     Type
                  2   63[COMRAM] int 
 Registers used:
		wreg, fsr2l, fsr2h, status,2, status,0, tblptrl, tblptrh, tblptru, prodl, prodh, cstack
 Tracked objects:
		On entry : 
		On exit  : 
		Unchanged: 
 Data sizes:     COMRAM   BANK0   BANK1   BANK2   BANK3   BANK4   BANK5   BANK6   BANK7   BANK8   BANK9  BANK10  BANK11  BANK12  BANK13  BANK14  BANK15
      Params:         7       0       0       0       0       0       0       0       0       0       0       0       0       0       0       0       0
      Locals:        25       0       0       0       0       0       0       0       0       0       0       0       0       0       0       0       0
      Temps:          6       0       0       0       0       0       0       0       0       0       0       0       0       0       0       0       0
      Totals:        38       0       0       0       0       0       0       0       0       0       0       0       0       0       0       0       0
Total ram usage:       38 bytes
 Hardware stack levels used:    1
 Hardware stack levels required when called:    3
 This function calls:
		___awdiv
		___ftadd
		___ftge
		___ftmul
		___ftneg
		___ftsub
		___fttol
		___lldiv
		___llmod
		___lltoft
		___wmul
		__div_to_l_
		__tdiv_to_l_
		_fround
		_isdigit
		_scale
 This function is called by:
		_processADCValues
 This function uses a non-reentrant model


 *************** function _scale *****************
 Defined at:
		line 425 in file "C:\Program Files (x86)\Microchip\xc8\v1.45\sources\common\doprnt.c"
 Parameters:    Size  Location     Type
  scl             1    wreg     char 
 Auto vars:     Size  Location     Type
  scl             1   41[COMRAM] char 
 Return value:  Size  Location     Type
                  3   35[COMRAM] char 
 Registers used:
		wreg, status,2, status,0, tblptrl, tblptrh, tblptru, prodl, prodh, cstack
 Tracked objects:
		On entry : 
		On exit  : 
		Unchanged: 
 Data sizes:     COMRAM   BANK0   BANK1   BANK2   BANK3   BANK4   BANK5   BANK6   BANK7   BANK8   BANK9  BANK10  BANK11  BANK12  BANK13  BANK14  BANK15
      Params:         3       0       0       0       0       0       0       0       0       0       0       0       0       0       0       0       0
      Locals:         4       0       0       0       0       0       0       0       0       0       0       0       0       0       0       0       0
      Temps:          0       0       0       0       0       0       0       0       0       0       0       0       0       0       0       0       0
      Totals:         7       0       0       0       0       0       0       0       0       0       0       0       0       0       0       0       0
Total ram usage:        7 bytes
 Hardware stack levels used:    1
 Hardware stack levels required when called:    2
 This function calls:
		___awdiv
		___awmod
		___ftmul
		___wmul
 This function is called by:
		_sprintf
 This function uses a non-reentrant model


 *************** function _isdigit *****************
 Defined at:
		line 8 in file "C:\Program Files (x86)\Microchip\xc8\v1.45\sources\common\isdigit.c"
 Parameters:    Size  Location     Type
  c               1    wreg     unsigned char 
 Auto vars:     Size  Location     Type
  c               1    2[COMRAM] unsigned char 
 Return value:  Size  Location     Type
		None               void
 Registers used:
		wreg, status,2, status,0
 Tracked objects:
		On entry : 
		On exit  : 
		Unchanged: 
 Data sizes:     COMRAM   BANK0   BANK1   BANK2   BANK3   BANK4   BANK5   BANK6   BANK7   BANK8   BANK9  BANK10  BANK11  BANK12  BANK13  BANK14  BANK15
      Params:         0       0       0       0       0       0       0       0       0       0       0       0       0       0       0       0       0
      Locals:         2       0       0       0       0       0       0       0       0       0       0       0       0       0       0       0       0
      Temps:          1       0       0       0       0       0       0       0       0       0       0       0       0       0       0       0       0
      Totals:         3       0       0       0       0       0       0       0       0       0       0       0       0       0       0       0       0
Total ram usage:        3 bytes
 Hardware stack levels used:    1
 This function calls:
		Nothing
 This function is called by:
		_sprintf
 This function uses a non-reentrant model


 *************** function _fround *****************
 Defined at:
		line 409 in file "C:\Program Files (x86)\Microchip\xc8\v1.45\sources\common\doprnt.c"
 Parameters:    Size  Location     Type
  prec            1    wreg     unsigned char 
 Auto vars:     Size  Location     Type
  prec            1   44[COMRAM] unsigned char 
 Return value:  Size  Location     Type
                  3   35[COMRAM] unsigned char 
 Registers used:
		wreg, status,2, status,0, tblptrl, tblptrh, tblptru, prodl, prodh, cstack
 Tracked objects:
		On entry : 
		On exit  : 
		Unchanged: 
 Data sizes:     COMRAM   BANK0   BANK1   BANK2   BANK3   BANK4   BANK5   BANK6   BANK7   BANK8   BANK9  BANK10  BANK11  BANK12  BANK13  BANK14  BANK15
      Params:         3       0       0       0       0       0       0       0       0       0       0       0       0       0       0       0       0
      Locals:         7       0       0       0       0       0       0       0       0       0       0       0       0       0       0       0       0
      Temps:          0       0       0       0       0       0       0       0       0       0       0       0       0       0       0       0       0
      Totals:        10       0       0       0       0       0       0       0       0       0       0       0       0       0       0       0       0
Total ram usage:       10 bytes
 Hardware stack levels used:    1
 Hardware stack levels required when called:    2
 This function calls:
		___awdiv
		___awmod
		___ftmul
		___wmul
 This function is called by:
		_sprintf
 This function uses a non-reentrant model


 *************** function ___ftmul *****************
 Defined at:
		line 62 in file "C:\Program Files (x86)\Microchip\xc8\v1.45\sources\common\ftmul.c"
 Parameters:    Size  Location     Type
  f1              3   20[COMRAM] float 
  f2              3   23[COMRAM] float 
 Auto vars:     Size  Location     Type
  f3_as_produc    3   30[COMRAM] unsigned um
  sign            1   34[COMRAM] unsigned char 
  cntr            1   33[COMRAM] unsigned char 
  exp             1   29[COMRAM] unsigned char 
 Return value:  Size  Location     Type
                  3   20[COMRAM] float 
 Registers used:
		wreg, status,2, status,0, cstack
 Tracked objects:
		On entry : 
		On exit  : 
		Unchanged: 
 Data sizes:     COMRAM   BANK0   BANK1   BANK2   BANK3   BANK4   BANK5   BANK6   BANK7   BANK8   BANK9  BANK10  BANK11  BANK12  BANK13  BANK14  BANK15
      Params:         6       0       0       0       0       0       0       0       0       0       0       0       0       0       0       0       0
      Locals:         6       0       0       0       0       0       0       0       0       0       0       0       0       0       0       0       0
      Temps:          3       0       0       0       0       0       0       0       0       0       0       0       0       0       0       0       0
      Totals:        15       0       0       0       0       0       0       0       0       0       0       0       0       0       0       0       0
Total ram usage:       15 bytes
 Hardware stack levels used:    1
 Hardware stack levels required when called:    1
 This function calls:
		___ftpack
 This function is called by:
		_processADCValues
		_fround
		_scale
		_sprintf
 This function uses a non-reentrant model


 *************** function ___awmod *****************
 Defined at:
		line 8 in file "C:\Program Files (x86)\Microchip\xc8\v1.45\sources\common\awmod.c"
 Parameters:    Size  Location     Type
  dividend        2    0[COMRAM] int 
  divisor         2    2[COMRAM] int 
 Auto vars:     Size  Location     Type
  sign            1    5[COMRAM] unsigned char 
  counter         1    4[COMRAM] unsigned char 
 Return value:  Size  Location     Type
                  2    0[COMRAM] int 
 Registers used:
		wreg, status,2, status,0
 Tracked objects:
		On entry : 
		On exit  : 
		Unchanged: 
 Data sizes:     COMRAM   BANK0   BANK1   BANK2   BANK3   BANK4   BANK5   BANK6   BANK7   BANK8   BANK9  BANK10  BANK11  BANK12  BANK13  BANK14  BANK15
      Params:         4       0       0       0       0       0       0       0       0       0       0       0       0       0       0       0       0
      Locals:         2       0       0       0       0       0       0       0       0       0       0       0       0       0       0       0       0
      Temps:          0       0       0       0       0       0       0       0       0       0       0       0       0       0       0       0       0
      Totals:         6       0       0       0       0       0       0       0       0       0       0       0       0       0       0       0       0
Total ram usage:        6 bytes
 Hardware stack levels used:    1
 This function calls:
		Nothing
 This function is called by:
		_fround
		_scale
 This function uses a non-reentrant model


 *************** function ___awdiv *****************
 Defined at:
		line 8 in file "C:\Program Files (x86)\Microchip\xc8\v1.45\sources\common\awdiv.c"
 Parameters:    Size  Location     Type
  dividend        2    6[COMRAM] int 
  divisor         2    8[COMRAM] int 
 Auto vars:     Size  Location     Type
  quotient        2   12[COMRAM] int 
  sign            1   11[COMRAM] unsigned char 
  counter         1   10[COMRAM] unsigned char 
 Return value:  Size  Location     Type
                  2    6[COMRAM] int 
 Registers used:
		wreg, status,2, status,0
 Tracked objects:
		On entry : 
		On exit  : 
		Unchanged: 
 Data sizes:     COMRAM   BANK0   BANK1   BANK2   BANK3   BANK4   BANK5   BANK6   BANK7   BANK8   BANK9  BANK10  BANK11  BANK12  BANK13  BANK14  BANK15
      Params:         4       0       0       0       0       0       0       0       0       0       0       0       0       0       0       0       0
      Locals:         4       0       0       0       0       0       0       0       0       0       0       0       0       0       0       0       0
      Temps:          0       0       0       0       0       0       0       0       0       0       0       0       0       0       0       0       0
      Totals:         8       0       0       0       0       0       0       0       0       0       0       0       0       0       0       0       0
Total ram usage:        8 bytes
 Hardware stack levels used:    1
 This function calls:
		Nothing
 This function is called by:
		_fround
		_scale
		_sprintf
 This function uses a non-reentrant model


 *************** function __tdiv_to_l_ *****************
 Defined at:
		line 60 in file "C:\Program Files (x86)\Microchip\xc8\v1.45\sources\common\ftdivl.c"
 Parameters:    Size  Location     Type
  f1              3    0[COMRAM] float 
  f2              3    3[COMRAM] float 
 Auto vars:     Size  Location     Type
  quot            4    9[COMRAM] unsigned long 
  exp1            1   14[COMRAM] unsigned char 
  cntr            1   13[COMRAM] unsigned char 
 Return value:  Size  Location     Type
                  4    0[COMRAM] unsigned long 
 Registers used:
		wreg, status,2, status,0
 Tracked objects:
		On entry : 
		On exit  : 
		Unchanged: 
 Data sizes:     COMRAM   BANK0   BANK1   BANK2   BANK3   BANK4   BANK5   BANK6   BANK7   BANK8   BANK9  BANK10  BANK11  BANK12  BANK13  BANK14  BANK15
      Params:         6       0       0       0       0       0       0       0       0       0       0       0       0       0       0       0       0
      Locals:         6       0       0       0       0       0       0       0       0       0       0       0       0       0       0       0       0
      Temps:          3       0       0       0       0       0       0       0       0       0       0       0       0       0       0       0       0
      Totals:        15       0       0       0       0       0       0       0       0       0       0       0       0       0       0       0       0
Total ram usage:       15 bytes
 Hardware stack levels used:    1
 This function calls:
		Nothing
 This function is called by:
		_sprintf
 This function uses a non-reentrant model


 *************** function __div_to_l_ *****************
 Defined at:
		line 60 in file "C:\Program Files (x86)\Microchip\xc8\v1.45\sources\common\fldivl.c"
 Parameters:    Size  Location     Type
  f1              3    0[COMRAM] unsigned long 
  f2              3    3[COMRAM] unsigned long 
 Auto vars:     Size  Location     Type
  quot            4    6[COMRAM] unsigned long 
  exp1            1   11[COMRAM] unsigned char 
  cntr            1   10[COMRAM] unsigned char 
 Return value:  Size  Location     Type
                  4    0[COMRAM] unsigned long 
 Registers used:
		wreg, status,2, status,0
 Tracked objects:
		On entry : 
		On exit  : 
		Unchanged: 
 Data sizes:     COMRAM   BANK0   BANK1   BANK2   BANK3   BANK4   BANK5   BANK6   BANK7   BANK8   BANK9  BANK10  BANK11  BANK12  BANK13  BANK14  BANK15
      Params:         6       0       0       0       0       0       0       0       0       0       0       0       0       0       0       0       0
      Locals:         6       0       0       0       0       0       0       0       0       0       0       0       0       0       0       0       0
      Temps:          0       0       0       0       0       0       0       0       0       0       0       0       0       0       0       0       0
      Totals:        12       0       0       0       0       0       0       0       0       0       0       0       0       0       0       0       0
Total ram usage:       12 bytes
 Hardware stack levels used:    1
 This function calls:
		Nothing
 This function is called by:
		_sprintf
 This function uses a non-reentrant model


 *************** function ___lltoft *****************
 Defined at:
		line 35 in file "C:\Program Files (x86)\Microchip\xc8\v1.45\sources\common\lltoft.c"
 Parameters:    Size  Location     Type
  c               4    8[COMRAM] unsigned long 
 Auto vars:     Size  Location     Type
  exp             1   16[COMRAM] unsigned char 
 Return value:  Size  Location     Type
                  3    8[COMRAM] float 
 Registers used:
		wreg, status,2, status,0, cstack
 Tracked objects:
		On entry : 
		On exit  : 
		Unchanged: 
 Data sizes:     COMRAM   BANK0   BANK1   BANK2   BANK3   BANK4   BANK5   BANK6   BANK7   BANK8   BANK9  BANK10  BANK11  BANK12  BANK13  BANK14  BANK15
      Params:         4       0       0       0       0       0       0       0       0       0       0       0       0       0       0       0       0
      Locals:         1       0       0       0       0       0       0       0       0       0       0       0       0       0       0       0       0
      Temps:          4       0       0       0       0       0       0       0       0       0       0       0       0       0       0       0       0
      Totals:         9       0       0       0       0       0       0       0       0       0       0       0       0       0       0       0       0
Total ram usage:        9 bytes
 Hardware stack levels used:    1
 Hardware stack levels required when called:    1
 This function calls:
		___ftpack
 This function is called by:
		_sprintf
 This function uses a non-reentrant model


 *************** function ___llmod *****************
 Defined at:
		line 8 in file "C:\Program Files (x86)\Microchip\xc8\v1.45\sources\common\llmod.c"
 Parameters:    Size  Location     Type
  dividend        4    0[COMRAM] unsigned long 
  divisor         4    4[COMRAM] unsigned long 
 Auto vars:     Size  Location     Type
  counter         1    8[COMRAM] unsigned char 
 Return value:  Size  Location     Type
                  4    0[COMRAM] unsigned long 
 Registers used:
		wreg, status,2, status,0
 Tracked objects:
		On entry : 
		On exit  : 
		Unchanged: 
 Data sizes:     COMRAM   BANK0   BANK1   BANK2   BANK3   BANK4   BANK5   BANK6   BANK7   BANK8   BANK9  BANK10  BANK11  BANK12  BANK13  BANK14  BANK15
      Params:         8       0       0       0       0       0       0       0       0       0       0       0       0       0       0       0       0
      Locals:         1       0       0       0       0       0       0       0       0       0       0       0       0       0       0       0       0
      Temps:          0       0       0       0       0       0       0       0       0       0       0       0       0       0       0       0       0
      Totals:         9       0       0       0       0       0       0       0       0       0       0       0       0       0       0       0       0
Total ram usage:        9 bytes
 Hardware stack levels used:    1
 This function calls:
		Nothing
 This function is called by:
		_sprintf
 This function uses a non-reentrant model


 *************** function ___lldiv *****************
 Defined at:
		line 8 in file "C:\Program Files (x86)\Microchip\xc8\v1.45\sources\common\lldiv.c"
 Parameters:    Size  Location     Type
  dividend        4    0[COMRAM] unsigned long 
  divisor         4    4[COMRAM] unsigned long 
 Auto vars:     Size  Location     Type
  quotient        4    8[COMRAM] unsigned long 
  counter         1   12[COMRAM] unsigned char 
 Return value:  Size  Location     Type
                  4    0[COMRAM] unsigned long 
 Registers used:
		wreg, status,2, status,0
 Tracked objects:
		On entry : 
		On exit  : 
		Unchanged: 
 Data sizes:     COMRAM   BANK0   BANK1   BANK2   BANK3   BANK4   BANK5   BANK6   BANK7   BANK8   BANK9  BANK10  BANK11  BANK12  BANK13  BANK14  BANK15
      Params:         8       0       0       0       0       0       0       0       0       0       0       0       0       0       0       0       0
      Locals:         5       0       0       0       0       0       0       0       0       0       0       0       0       0       0       0       0
      Temps:          0       0       0       0       0       0       0       0       0       0       0       0       0       0       0       0       0
      Totals:        13       0       0       0       0       0       0       0       0       0       0       0       0       0       0       0       0
Total ram usage:       13 bytes
 Hardware stack levels used:    1
 This function calls:
		Nothing
 This function is called by:
		_sprintf
 This function uses a non-reentrant model


 *************** function ___fttol *****************
 Defined at:
		line 44 in file "C:\Program Files (x86)\Microchip\xc8\v1.45\sources\common\fttol.c"
 Parameters:    Size  Location     Type
  f1              3   42[COMRAM] float 
 Auto vars:     Size  Location     Type
  lval            4   52[COMRAM] unsigned long 
  exp1            1   56[COMRAM] unsigned char 
  sign1           1   51[COMRAM] unsigned char 
 Return value:  Size  Location     Type
                  4   42[COMRAM] long 
 Registers used:
		wreg, status,2, status,0
 Tracked objects:
		On entry : 
		On exit  : 
		Unchanged: 
 Data sizes:     COMRAM   BANK0   BANK1   BANK2   BANK3   BANK4   BANK5   BANK6   BANK7   BANK8   BANK9  BANK10  BANK11  BANK12  BANK13  BANK14  BANK15
      Params:         4       0       0       0       0       0       0       0       0       0       0       0       0       0       0       0       0
      Locals:         6       0       0       0       0       0       0       0       0       0       0       0       0       0       0       0       0
      Temps:          5       0       0       0       0       0       0       0       0       0       0       0       0       0       0       0       0
      Totals:        15       0       0       0       0       0       0       0       0       0       0       0       0       0       0       0       0
Total ram usage:       15 bytes
 Hardware stack levels used:    1
 This function calls:
		Nothing
 This function is called by:
		_sprintf
 This function uses a non-reentrant model


 *************** function ___ftsub *****************
 Defined at:
		line 20 in file "C:\Program Files (x86)\Microchip\xc8\v1.45\sources\common\ftsub.c"
 Parameters:    Size  Location     Type
  f1              3   57[COMRAM] float 
  f2              3   60[COMRAM] float 
 Auto vars:     Size  Location     Type
		None
 Return value:  Size  Location     Type
                  3   57[COMRAM] float 
 Registers used:
		wreg, status,2, status,0, cstack
 Tracked objects:
		On entry : 
		On exit  : 
		Unchanged: 
 Data sizes:     COMRAM   BANK0   BANK1   BANK2   BANK3   BANK4   BANK5   BANK6   BANK7   BANK8   BANK9  BANK10  BANK11  BANK12  BANK13  BANK14  BANK15
      Params:         6       0       0       0       0       0       0       0       0       0       0       0       0       0       0       0       0
      Locals:         0       0       0       0       0       0       0       0       0       0       0       0       0       0       0       0       0
      Temps:          0       0       0       0       0       0       0       0       0       0       0       0       0       0       0       0       0
      Totals:         6       0       0       0       0       0       0       0       0       0       0       0       0       0       0       0       0
Total ram usage:        6 bytes
 Hardware stack levels used:    1
 Hardware stack levels required when called:    2
 This function calls:
		___ftadd
 This function is called by:
		_sprintf
 This function uses a non-reentrant model


 *************** function ___ftadd *****************
 Defined at:
		line 86 in file "C:\Program Files (x86)\Microchip\xc8\v1.45\sources\common\ftadd.c"
 Parameters:    Size  Location     Type
  f1              3   45[COMRAM] float 
  f2              3   48[COMRAM] float 
 Auto vars:     Size  Location     Type
  exp1            1   56[COMRAM] unsigned char 
  exp2            1   55[COMRAM] unsigned char 
  sign            1   54[COMRAM] unsigned char 
 Return value:  Size  Location     Type
                  3   45[COMRAM] float 
 Registers used:
		wreg, status,2, status,0, cstack
 Tracked objects:
		On entry : 
		On exit  : 
		Unchanged: 
 Data sizes:     COMRAM   BANK0   BANK1   BANK2   BANK3   BANK4   BANK5   BANK6   BANK7   BANK8   BANK9  BANK10  BANK11  BANK12  BANK13  BANK14  BANK15
      Params:         6       0       0       0       0       0       0       0       0       0       0       0       0       0       0       0       0
      Locals:         3       0       0       0       0       0       0       0       0       0       0       0       0       0       0       0       0
      Temps:          3       0       0       0       0       0       0       0       0       0       0       0       0       0       0       0       0
      Totals:        12       0       0       0       0       0       0       0       0       0       0       0       0       0       0       0       0
Total ram usage:       12 bytes
 Hardware stack levels used:    1
 Hardware stack levels required when called:    1
 This function calls:
		___ftpack
 This function is called by:
		_sprintf
		___ftsub
 This function uses a non-reentrant model


 *************** function ___ftneg *****************
 Defined at:
		line 15 in file "C:\Program Files (x86)\Microchip\xc8\v1.45\sources\common\ftneg.c"
[...]
      Params:         0       0       0       0       0       0       0       0       0       0       0       0       0       0       0       0       0
      Locals:         0       0       0       0       0       0       0       0       0       0       0       0       0       0       0       0       0
      Temps:          0       0       0       0       0       0       0       0       0       0       0       0       0       0       0       0       0
      Totals:         0       0       0       0       0       0       0       0       0       0       0       0       0       0       0       0       0
Total ram usage:        0 bytes
 Hardware stack levels used:    1
 Hardware stack levels required when called:    6
 This function calls:
		_delay_ms
		_lcd_gotoxy
		_lcd_putc
		_lcd_puts
		_send_string_no_lib
 This function is called by:
		_main
 This function uses a non-reentrant model


 *************** function _send_string_no_lib *****************
 Defined at:
		line 46 in file "my_ser.c"
 Parameters:    Size  Location     Type
  p               2    1[COMRAM] PTR unsigned char 
		 -> STR_2(33), 
 Auto vars:     Size  Location     Type
		None
 Return value:  Size  Location     Type
                  1    wreg      void 
 Registers used:
		wreg, status,2, status,0, tblptrl, tblptrh, tblptru, cstack
 Tracked objects:
		On entry : 
		On exit  : 
		Unchanged: 
 Data sizes:     COMRAM   BANK0   BANK1   BANK2   BANK3   BANK4   BANK5   BANK6   BANK7   BANK8   BANK9  BANK10  BANK11  BANK12  BANK13  BANK14  BANK15
      Params:         2       0       0       0       0       0       0       0       0       0       0       0       0       0       0       0       0
      Locals:         0       0       0       0       0       0       0       0       0       0       0       0       0       0       0       0       0
      Temps:          0       0       0       0       0       0       0       0       0       0       0       0       0       0       0       0       0
      Totals:         2       0       0       0       0       0       0       0       0       0       0       0       0       0       0       0       0
Total ram usage:        2 bytes
 Hardware stack levels used:    1
 Hardware stack levels required when called:    1
 This function calls:
		_send_byte_no_lib
 This function is called by:
		_displayWelcomeMessage
 This function uses a non-reentrant model


 *************** function _send_byte_no_lib *****************
 Defined at:
		line 38 in file "my_ser.c"
 Parameters:    Size  Location     Type
  c               1    wreg     unsigned char 
 Auto vars:     Size  Location     Type
  c               1    0[COMRAM] unsigned char 
 Return value:  Size  Location     Type
                  1    wreg      void 
 Registers used:
		wreg
 Tracked objects:
		On entry : 
		On exit  : 
		Unchanged: 
 Data sizes:     COMRAM   BANK0   BANK1   BANK2   BANK3   BANK4   BANK5   BANK6   BANK7   BANK8   BANK9  BANK10  BANK11  BANK12  BANK13  BANK14  BANK15
      Params:         0       0       0       0       0       0       0       0       0       0       0       0       0       0       0       0       0
      Locals:         1       0       0       0       0       0       0       0       0       0       0       0       0       0       0       0       0
      Temps:          0       0       0       0       0       0       0       0       0       0       0       0       0       0       0       0       0
      Totals:         1       0       0       0       0       0       0       0       0       0       0       0       0       0       0       0       0
Total ram usage:        1 bytes
 Hardware stack levels used:    1
 This function calls:
		Nothing
 This function is called by:
		_send_string_no_lib
 This function uses a non-reentrant model


 *************** function _lcd_puts *****************
 Defined at:
		line 120 in file "lcd_x8.c"
 Parameters:    Size  Location     Type
  s               2   14[COMRAM] PTR unsigned char 
		 -> displayBuffer(100), STR_1(34), 
 Auto vars:     Size  Location     Type
		None
 Return value:  Size  Location     Type
                  1    wreg      void 
 Registers used:
		wreg, fsr0l, fsr0h, status,2, status,0, tblptrl, tblptrh, tblptru, cstack
 Tracked objects:
		On entry : 
		On exit  : 
		Unchanged: 
 Data sizes:     COMRAM   BANK0   BANK1   BANK2   BANK3   BANK4   BANK5   BANK6   BANK7   BANK8   BANK9  BANK10  BANK11  BANK12  BANK13  BANK14  BANK15
      Params:         2       0       0       0       0       0       0       0       0       0       0       0       0       0       0       0       0
      Locals:         0       0       0       0       0       0       0       0       0       0       0       0       0       0       0       0       0
      Temps:          0       0       0       0       0       0       0       0       0       0       0       0       0       0       0       0       0
      Totals:         2       0       0       0       0       0       0       0       0       0       0       0       0       0       0       0       0
Total ram usage:        2 bytes
 Hardware stack levels used:    1
 Hardware stack levels required when called:    5
 This function calls:
		_lcd_putc
 This function is called by:
		_displayWelcomeMessage
		_processADCValues
 This function uses a non-reentrant model


 *************** function _lcd_putc *****************
 Defined at:
		line 106 in file "lcd_x8.c"
 Parameters:    Size  Location     Type
  c               1    wreg     unsigned char 
 Auto vars:     Size  Location     Type
  c               1   13[COMRAM] unsigned char 
 Return value:  Size  Location     Type
                  1    wreg      void 
 Registers used:
		wreg, status,2, status,0, cstack
 Tracked objects:
		On entry : 
		On exit  : 
		Unchanged: 
 Data sizes:     COMRAM   BANK0   BANK1   BANK2   BANK3   BANK4   BANK5   BANK6   BANK7   BANK8   BANK9  BANK10  BANK11  BANK12  BANK13  BANK14  BANK15
      Params:         0       0       0       0       0       0       0       0       0       0       0       0       0       0       0       0       0
      Locals:         1       0       0       0       0       0       0       0       0       0       0       0       0       0       0       0       0
      Temps:          0       0       0       0       0       0       0       0       0       0       0       0       0       0       0       0       0
      Totals:         1       0       0       0       0       0       0       0       0       0       0       0       0       0       0       0       0
Total ram usage:        1 bytes
 Hardware stack levels used:    1
 Hardware stack levels required when called:    4
 This function calls:
		_delay_ms
		_lcd_gotoxy
		_lcd_send_byte
 This function is called by:
		_displayWelcomeMessage
		_processReceivedChar
		_lcd_puts
 This function uses a non-reentrant model


 *************** function _lcd_gotoxy *****************
 Defined at:
		line 89 in file "lcd_x8.c"
 Parameters:    Size  Location     Type
  x               1    wreg     unsigned char 
  y               1   10[COMRAM] unsigned char 
 Auto vars:     Size  Location     Type
  x               1   11[COMRAM] unsigned char 
  address         1   12[COMRAM] unsigned char 
 Return value:  Size  Location     Type
                  1    wreg      void 
 Registers used:
		wreg, status,2, status,0, cstack
 Tracked objects:
		On entry : 
		On exit  : 
		Unchanged: 
 Data sizes:     COMRAM   BANK0   BANK1   BANK2   BANK3   BANK4   BANK5   BANK6   BANK7   BANK8   BANK9  BANK10  BANK11  BANK12  BANK13  BANK14  BANK15
      Params:         1       0       0       0       0       0       0       0       0       0       0       0       0       0       0       0       0
      Locals:         2       0       0       0       0       0       0       0       0       0       0       0       0       0       0       0       0
      Temps:          0       0       0       0       0       0       0       0       0       0       0       0       0       0       0       0       0
      Totals:         3       0       0       0       0       0       0       0       0       0       0       0       0       0       0       0       0
Total ram usage:        3 bytes
 Hardware stack levels used:    1
 Hardware stack levels required when called:    3
 This function calls:
		_lcd_send_byte
 This function is called by:
		_displayWelcomeMessage
		_processReceivedChar
		_lcd_putc
 This function uses a non-reentrant model


 *************** function _lcd_send_byte *****************
 Defined at:
		line 39 in file "lcd_x8.c"
 Parameters:    Size  Location     Type
  cm_data         1    wreg     unsigned char 
  n               1    8[COMRAM] unsigned char 
 Auto vars:     Size  Location     Type
  cm_data         1    9[COMRAM] unsigned char 
 Return value:  Size  Location     Type
                  1    wreg      void 
 Registers used:
		wreg, status,2, status,0, cstack
 Tracked objects:
		On entry : 
		On exit  : 
		Unchanged: 
 Data sizes:     COMRAM   BANK0   BANK1   BANK2   BANK3   BANK4   BANK5   BANK6   BANK7   BANK8   BANK9  BANK10  BANK11  BANK12  BANK13  BANK14  BANK15
      Params:         1       0       0       0       0       0       0       0       0       0       0       0       0       0       0       0       0
      Locals:         1       0       0       0       0       0       0       0       0       0       0       0       0       0       0       0       0
      Temps:          0       0       0       0       0       0       0       0       0       0       0       0       0       0       0       0       0
      Totals:         2       0       0       0       0       0       0       0       0       0       0       0       0       0       0       0       0
Total ram usage:        2 bytes
 Hardware stack levels used:    1
 Hardware stack levels required when called:    2
 This function calls:
		_delay_cycles
		_delay_ms
		_lcd_send_nibble
 This function is called by:
		_lcd_init
		_lcd_gotoxy
		_lcd_putc
		_Lcd_Shift_Right
		_Lcd_Shift_Left
 This function uses a non-reentrant model


 *************** function _lcd_send_nibble *****************
 Defined at:
		line 29 in file "lcd_x8.c"
 Parameters:    Size  Location     Type
  n               1    wreg     unsigned char 
 Auto vars:     Size  Location     Type
  n               1    7[COMRAM] unsigned char 
 Return value:  Size  Location     Type
                  1    wreg      void 
 Registers used:
		wreg, status,2, status,0, cstack
 Tracked objects:
		On entry : 
		On exit  : 
		Unchanged: 
 Data sizes:     COMRAM   BANK0   BANK1   BANK2   BANK3   BANK4   BANK5   BANK6   BANK7   BANK8   BANK9  BANK10  BANK11  BANK12  BANK13  BANK14  BANK15
      Params:         0       0       0       0       0       0       0       0       0       0       0       0       0       0       0       0       0
      Locals:         1       0       0       0       0       0       0       0       0       0       0       0       0       0       0       0       0
      Temps:          1       0       0       0       0       0       0       0       0       0       0       0       0       0       0       0       0
      Totals:         2       0       0       0       0       0       0       0       0       0       0       0       0       0       0       0       0
Total ram usage:        2 bytes
 Hardware stack levels used:    1
 Hardware stack levels required when called:    1
 This function calls:
		_delay_cycles
 This function is called by:
		_lcd_send_byte
		_lcd_init
 This function uses a non-reentrant model


 *************** function _delay_cycles *****************
 Defined at:
		line 20 in file "lcd_x8.c"
 Parameters:    Size  Location     Type
  n               1    wreg     unsigned char 
 Auto vars:     Size  Location     Type
  n               1    3[COMRAM] unsigned char 
  x               2    4[COMRAM] int 
 Return value:  Size  Location     Type
                  1    wreg      void 
 Registers used:
		wreg, status,2, status,0
 Tracked objects:
		On entry : 
		On exit  : 
		Unchanged: 
 Data sizes:     COMRAM   BANK0   BANK1   BANK2   BANK3   BANK4   BANK5   BANK6   BANK7   BANK8   BANK9  BANK10  BANK11  BANK12  BANK13  BANK14  BANK15
      Params:         0       0       0       0       0       0       0       0       0       0       0       0       0       0       0       0       0
      Locals:         3       0       0       0       0       0       0       0       0       0       0       0       0       0       0       0       0
      Temps:          3       0       0       0       0       0       0       0       0       0       0       0       0       0       0       0       0
      Totals:         6       0       0       0       0       0       0       0       0       0       0       0       0       0       0       0       0
Total ram usage:        6 bytes
 Hardware stack levels used:    1
 This function calls:
		Nothing
 This function is called by:
		_lcd_send_nibble
		_lcd_send_byte
 This function uses a non-reentrant model


 *************** function _delay_ms *****************
 Defined at:
		line 104 in file "basic.c"
 Parameters:    Size  Location     Type
  n               2    0[COMRAM] unsigned int 
 Auto vars:     Size  Location     Type
  i               2    2[COMRAM] int 
 Return value:  Size  Location     Type
                  1    wreg      void 
 Registers used:
		wreg, status,2, status,0
 Tracked objects:
		On entry : 
		On exit  : 
		Unchanged: 
 Data sizes:     COMRAM   BANK0   BANK1   BANK2   BANK3   BANK4   BANK5   BANK6   BANK7   BANK8   BANK9  BANK10  BANK11  BANK12  BANK13  BANK14  BANK15
      Params:         2       0       0       0       0       0       0       0       0       0       0       0       0       0       0       0       0
      Locals:         2       0       0       0       0       0       0       0       0       0       0       0       0       0       0       0       0
      Temps:          0       0       0       0       0       0       0       0       0       0       0       0       0       0       0       0       0
      Totals:         4       0       0       0       0       0       0       0       0       0       0       0       0       0       0       0       0
Total ram usage:        4 bytes
 Hardware stack levels used:    1
 This function calls:
		Nothing
 This function is called by:
		_displayWelcomeMessage
		_lcd_send_byte
		_lcd_init
		_lcd_putc
 This function uses a non-reentrant model



MODULE INFORMATION

Module		Function		Class		Link	Load	Size
C:\Program Files (x86)\Microchip\xc8\v1.45\sources\common\ftneg.c
		___ftneg       		CODE           	2F78	0000	37

C:\Program Files (x86)\Microchip\xc8\v1.45\sources\common\ftneg.c estimated size: 37

C:\Program Files (x86)\Microchip\xc8\v1.45\sources\common\ftsub.c
		___ftsub       		CODE           	2CFE	0000	65

C:\Program Files (x86)\Microchip\xc8\v1.45\sources\common\ftsub.c estimated size: 65

C:\Program Files (x86)\Microchip\xc8\v1.45\sources\common\float.c
		___ftpack      		CODE           	27F0	0000	175

C:\Program Files (x86)\Microchip\xc8\v1.45\sources\common\float.c estimated size: 175

C:\Program Files (x86)\Microchip\xc8\v1.45\sources\common\doprnt.c
		_scale         		CODE           	193C	0000	1033
		_sprintf       		CODE           	10CE	0000	2159
		_fround        		CODE           	1D44	0000	595

C:\Program Files (x86)\Microchip\xc8\v1.45\sources\common\doprnt.c estimated size: 3787

C:\Program Files (x86)\Microchip\xc8\v1.45\sources\common\lltoft.c
		___lltoft      		CODE           	2B6C	0000	93

C:\Program Files (x86)\Microchip\xc8\v1.45\sources\common\lltoft.c estimated size: 93

C:\Program Files (x86)\Microchip\xc8\v1.45\sources\common\Umul16.c
		___wmul        		CODE           	2EE4	0000	39

C:\Program Files (x86)\Microchip\xc8\v1.45\sources\common\Umul16.c estimated size: 39

my_ser.c
		_send_byte_no_lib		CODE           	2FF4	0000	17
		_is_byte_available		CODE           	2FDC	0000	25
		_read_byte_no_lib		CODE           	3010	0000	9
		_setupSerial   		CODE           	2F54	0000	37
		_send_string_no_lib		CODE           	2EBA	0000	43

my_ser.c estimated size: 131

C:\Program Files (x86)\Microchip\xc8\v1.45\sources\common\ftge.c
		___ftge        		CODE           	289E	0000	145

C:\Program Files (x86)\Microchip\xc8\v1.45\sources\common\ftge.c estimated size: 145

my_adc.c
		_init_adc_no_lib		CODE           	3004	0000	13
		_read_adc_raw_no_lib		CODE           	2DB8	0000	59
		_read_adc_voltage		CODE           	266A	0000	209

my_adc.c estimated size: 281

C:\Program Files (x86)\Microchip\xc8\v1.45\sources\common\isdigit.c
		_isdigit       		CODE           	2FBE	0000	31

C:\Program Files (x86)\Microchip\xc8\v1.45\sources\common\isdigit.c estimated size: 31

C:\Program Files (x86)\Microchip\xc8\v1.45\sources\common\ftdivl.c
		__tdiv_to_l_   		CODE           	2142	0000	307

C:\Program Files (x86)\Microchip\xc8\v1.45\sources\common\ftdivl.c estimated size: 307

C:\Program Files (x86)\Microchip\xc8\v1.45\sources\common\ftmul.c
		___ftmul       		CODE           	239C	0000	245

C:\Program Files (x86)\Microchip\xc8\v1.45\sources\common\ftmul.c estimated size: 245

C:\Program Files (x86)\Microchip\xc8\v1.45\sources\common\awmod.c
		___awmod       		CODE           	2A34	0000	113

C:\Program Files (x86)\Microchip\xc8\v1.45\sources\common\awmod.c estimated size: 113

C:\Program Files (x86)\Microchip\xc8\v1.45\sources\common\ftdiv.c
		___ftdiv       		CODE           	2584	0000	231

C:\Program Files (x86)\Microchip\xc8\v1.45\sources\common\ftdiv.c estimated size: 231

C:\Program Files (x86)\Microchip\xc8\v1.45\sources\common\llmod.c
		___llmod       		CODE           	2AA4	0000	103

C:\Program Files (x86)\Microchip\xc8\v1.45\sources\common\llmod.c estimated size: 103

C:\Program Files (x86)\Microchip\xc8\v1.45\sources\common\fldivl.c
		__div_to_l_    		CODE           	2274	0000	297

C:\Program Files (x86)\Microchip\xc8\v1.45\sources\common\fldivl.c estimated size: 297

shared
		__powers_      		SMALLCONST     	1029	0000	40
		_dpowers       		SMALLCONST     	1001	0000	41
		__npowers_     		SMALLCONST     	1050	0000	40
		__initialization		CODE           	2DF2	0000	47

shared estimated size: 168

C:\Program Files (x86)\Microchip\xc8\v1.45\sources\common\fttol.c
		___fttol       		CODE           	2490	0000	245

C:\Program Files (x86)\Microchip\xc8\v1.45\sources\common\fttol.c estimated size: 245

C:\Program Files (x86)\Microchip\xc8\v1.45\sources\common\awtoft.c
		___awtoft      		CODE           	2E2A	0000	57

C:\Program Files (x86)\Microchip\xc8\v1.45\sources\common\awtoft.c estimated size: 57

C:\Program Files (x86)\Microchip\xc8\v1.45\sources\common\awdiv.c
		___awdiv       		CODE           	292E	0000	133

C:\Program Files (x86)\Microchip\xc8\v1.45\sources\common\awdiv.c estimated size: 133

basic.c
		_processReceivedChar		CODE           	2D3E	0000	63
		_processADCValues		CODE           	273A	0000	183
		_main          		CODE           	2F30	0000	37
		_displayWelcomeMessage		CODE           	2D7C	0000	61
		_initPorts     		CODE           	2E90	0000	43
		_delay_ms      		CODE           	2F0A	0000	39

basic.c estimated size: 426

C:\Program Files (x86)\Microchip\xc8\v1.45\sources\common\ftadd.c
		___ftadd       		CODE           	1F96	0000	429

C:\Program Files (x86)\Microchip\xc8\v1.45\sources\common\ftadd.c estimated size: 429

C:\Program Files (x86)\Microchip\xc8\v1.45\sources\common\lldiv.c
		___lldiv       		CODE           	29B2	0000	131

C:\Program Files (x86)\Microchip\xc8\v1.45\sources\common\lldiv.c estimated size: 131

lcd_x8.c
		_lcd_putc      		CODE           	2C1E	0000	87
		_lcd_puts      		CODE           	2BC8	0000	87
		_lcd_send_byte 		CODE           	2C74	0000	73
		_lcd_gotoxy    		CODE           	2CBC	0000	67
		_lcd_send_nibble		CODE           	2F9C	0000	35
		_lcd_init      		CODE           	2B0A	0000	99
		_delay_cycles  		CODE           	2E62	0000	47

lcd_x8.c estimated size: 495

